../Core/Src/main.c:82:5:main	8	static
../Core/Src/main.c:131:6:SystemClock_Config	88	static
../Core/Src/main.c:178:13:MX_USART2_UART_Init	8	static
../Core/Src/main.c:209:13:MX_DMA_Init	16	static
../Core/Src/main.c:230:13:MX_GPIO_Init	48	static
../Core/Src/main.c:263:6:welcome	8	static
../Core/Src/main.c:268:6:UARTDMAConfig	8	static
../Core/Src/main.c:273:6:HAL_UART_RxCpltCallback	16	static
../Core/Src/main.c:363:6:HAL_GPIO_EXTI_Callback	16	static
../Core/Src/main.c:380:6:LEDOn	8	static
../Core/Src/main.c:390:6:LEDOff	8	static
../Core/Src/main.c:400:6:Error_Handler	4	static,ignoring_inline_asm
