../Core/Src/main.c:82:5:main	8	static
../Core/Src/main.c:132:6:SystemClock_Config	88	static
../Core/Src/main.c:179:13:MX_USART2_UART_Init	8	static
../Core/Src/main.c:210:13:MX_DMA_Init	16	static
../Core/Src/main.c:231:13:MX_GPIO_Init	48	static
../Core/Src/main.c:264:6:welcome	8	static
../Core/Src/main.c:269:6:UARTDMAConfig	8	static
../Core/Src/main.c:274:6:HAL_UART_RxCpltCallback	16	static
../Core/Src/main.c:364:6:HAL_GPIO_EXTI_Callback	16	static
../Core/Src/main.c:381:6:LEDOn	8	static
../Core/Src/main.c:391:6:LEDOff	8	static
../Core/Src/main.c:401:6:Error_Handler	4	static,ignoring_inline_asm
